kaynak DRIAMS-A: n=4,961 direnc=0.219
hedef DRIAMS-C: n=916 direnc=0.165 grup=916
  tekrar 1/10 bitti (test n=458)
  tekrar 2/10 bitti (test n=458)
  tekrar 3/10 bitti (test n=458)
  tekrar 4/10 bitti (test n=458)
  tekrar 5/10 bitti (test n=458)
  tekrar 6/10 bitti (test n=458)
  tekrar 7/10 bitti (test n=458)
  tekrar 8/10 bitti (test n=458)
  tekrar 9/10 bitti (test n=458)
  tekrar 10/10 bitti (test n=458)

=== OGRENME EGRISI ===

PRAUC:
strateji  finetune  local  pooled  recal  source
n                                               
0              NaN    NaN     NaN    NaN   0.363
25           0.333  0.236   0.351  0.341     NaN
50           0.326  0.230   0.344  0.363     NaN
100          0.359  0.283   0.357  0.363     NaN
200          0.315  0.318   0.373  0.363     NaN
400          0.345  0.369   0.386  0.363     NaN

AUROC:
strateji  finetune  local  pooled  recal  source
n                                               
0              NaN    NaN     NaN    NaN   0.669
25           0.660  0.571   0.668  0.635     NaN
50           0.667  0.575   0.667  0.669     NaN
100          0.684  0.638   0.669  0.669     NaN
200          0.666  0.665   0.681  0.669     NaN
400          0.689  0.691   0.697  0.669     NaN

EGIM:
strateji  finetune  local  pooled  recal  source
n                                               
0              NaN    NaN     NaN    NaN     0.4
25            0.28   0.13    0.39   1.09     NaN
50            0.27   0.15    0.38   1.15     NaN
100           0.30   0.27    0.40   1.10     NaN
200           0.24   0.33    0.43   1.23     NaN
400           0.25   0.51    0.48   1.03     NaN

kayit: outputs/curve2/Escherichia_coli__Ceftriaxone__DRIAMS-C.csv
