kaynak DRIAMS-A: n=3,790 direnc=0.192
hedef DRIAMS-C: n=738 direnc=0.056 grup=738
  tekrar 1/10 bitti (test n=369)
  tekrar 2/10 bitti (test n=369)
  tekrar 3/10 bitti (test n=369)
  tekrar 4/10 bitti (test n=369)
  tekrar 5/10 bitti (test n=369)
  tekrar 6/10 bitti (test n=369)
  tekrar 7/10 bitti (test n=369)
  tekrar 8/10 bitti (test n=369)
  tekrar 9/10 bitti (test n=369)
  tekrar 10/10 bitti (test n=369)

=== OGRENME EGRISI ===

PRAUC:
strateji  finetune  local  pooled  recal  source
n                                               
0              NaN    NaN     NaN    NaN   0.158
25           0.113  0.089   0.127  0.118     NaN
50           0.138  0.083   0.226  0.138     NaN
100          0.134  0.097   0.200  0.160     NaN
200          0.139  0.092   0.218  0.158     NaN
300          0.135  0.128   0.252  0.158     NaN

AUROC:
strateji  finetune  local  pooled  recal  source
n                                               
0              NaN    NaN     NaN    NaN   0.704
25           0.651  0.564   0.662  0.663     NaN
50           0.704  0.562   0.731  0.631     NaN
100          0.680  0.567   0.709  0.713     NaN
200          0.671  0.560   0.712  0.704     NaN
300          0.684  0.565   0.721  0.704     NaN

EGIM:
strateji  finetune  local  pooled  recal  source
n                                               
0              NaN    NaN     NaN    NaN    0.36
25            0.20   0.15    0.29   0.98     NaN
50            0.31   0.12    0.47   4.00     NaN
100           0.22   0.19    0.41   0.94     NaN
200           0.15   0.16    0.44   2.87     NaN
300           0.12   0.23    0.48   1.25     NaN

kayit: outputs/curve2/Staphylococcus_aureus__Oxacillin__DRIAMS-C.csv
