kaynak DRIAMS-A: n=4,911 direnc=0.299
hedef DRIAMS-C: n=889 direnc=0.215 grup=889
  tekrar 1/10 bitti (test n=445)
  tekrar 2/10 bitti (test n=445)
  tekrar 3/10 bitti (test n=444)
  tekrar 4/10 bitti (test n=445)
  tekrar 5/10 bitti (test n=444)
  tekrar 6/10 bitti (test n=445)
  tekrar 7/10 bitti (test n=445)
  tekrar 8/10 bitti (test n=444)
  tekrar 9/10 bitti (test n=444)
  tekrar 10/10 bitti (test n=445)

=== OGRENME EGRISI ===

PRAUC:
strateji  finetune  local  pooled  recal  source
n                                               
0              NaN    NaN     NaN    NaN   0.678
25           0.641  0.258   0.666  0.623     NaN
50           0.651  0.291   0.672  0.678     NaN
100          0.655  0.355   0.677  0.678     NaN
200          0.662  0.474   0.679  0.678     NaN
400          0.674  0.560   0.682  0.678     NaN

AUROC:
strateji  finetune  local  pooled  recal  source
n                                               
0              NaN    NaN     NaN    NaN   0.807
25           0.790  0.536   0.803  0.746     NaN
50           0.792  0.580   0.812  0.807     NaN
100          0.792  0.616   0.808  0.807     NaN
200          0.798  0.708   0.810  0.807     NaN
400          0.805  0.738   0.814  0.807     NaN

EGIM:
strateji  finetune  local  pooled  recal  source
n                                               
0              NaN    NaN     NaN    NaN    0.74
25            0.56   0.06    0.72  -0.18     NaN
50            0.58   0.18    0.73   1.00     NaN
100           0.59   0.27    0.73   0.90     NaN
200           0.60   0.46    0.74   0.98     NaN
400           0.66   0.52    0.76   0.98     NaN

kayit: outputs/curve2/Escherichia_coli__Ciprofloxacin__DRIAMS-C.csv
