kaynak DRIAMS-A: n=4,961 direnc=0.219
hedef DRIAMS-B: n=213 direnc=0.211 grup=213
  tekrar 1/10 bitti (test n=106)
  tekrar 2/10 bitti (test n=106)
  tekrar 3/10 bitti (test n=107)
  tekrar 4/10 bitti (test n=107)
  tekrar 5/10 bitti (test n=107)
  tekrar 6/10 bitti (test n=107)
  tekrar 7/10 bitti (test n=106)
  tekrar 8/10 bitti (test n=106)
  tekrar 9/10 bitti (test n=107)
  tekrar 10/10 bitti (test n=106)

=== OGRENME EGRISI ===

PRAUC:
strateji  finetune  local  pooled  recal  source
n                                               
0              NaN    NaN     NaN    NaN   0.634
25           0.576  0.321   0.661  0.634     NaN
50           0.596  0.361   0.662  0.634     NaN
100          0.642  0.419   0.686  0.634     NaN

AUROC:
strateji  finetune  local  pooled  recal  source
n                                               
0              NaN    NaN     NaN    NaN   0.819
25           0.785  0.596   0.840  0.819     NaN
50           0.795  0.603   0.844  0.819     NaN
100          0.818  0.655   0.854  0.819     NaN

EGIM:
strateji  finetune  local  pooled  recal  source
n                                               
0              NaN    NaN     NaN    NaN    0.77
25            0.54   0.18    0.91   1.44     NaN
50            0.54   0.18    0.83   1.17     NaN
100           0.64   0.33    0.87   1.00     NaN

kayit: outputs/curve2/Escherichia_coli__Ceftriaxone__DRIAMS-B.csv
