kaynak DRIAMS-A: n=2,860 direnc=0.157
hedef DRIAMS-D: n=2,151 direnc=0.057 grup=2,151
  tekrar 1/10 bitti (test n=1075)
  tekrar 2/10 bitti (test n=1075)
  tekrar 3/10 bitti (test n=1075)
  tekrar 4/10 bitti (test n=1076)
  tekrar 5/10 bitti (test n=1075)
  tekrar 6/10 bitti (test n=1076)
  tekrar 7/10 bitti (test n=1076)
  tekrar 8/10 bitti (test n=1076)
  tekrar 9/10 bitti (test n=1076)
  tekrar 10/10 bitti (test n=1075)

=== OGRENME EGRISI ===

PRAUC:
strateji  finetune  local  pooled  recal  source
n                                               
0              NaN    NaN     NaN    NaN   0.256
25           0.176  0.092   0.284  0.157     NaN
50           0.120  0.088   0.247  0.211     NaN
100          0.081  0.089   0.249  0.224     NaN
200          0.077  0.110   0.249  0.256     NaN
500          0.075  0.128   0.251  0.256     NaN
1000         0.082  0.143   0.254  0.256     NaN

AUROC:
strateji  finetune  local  pooled  recal  source
n                                               
0              NaN    NaN     NaN    NaN    0.64
25           0.639  0.627   0.682  0.508     NaN
50           0.578  0.563   0.645  0.570     NaN
100          0.556  0.589   0.639  0.594     NaN
200          0.558  0.588   0.648  0.640     NaN
500          0.558  0.605   0.652  0.640     NaN
1000         0.576  0.608   0.657  0.640     NaN

EGIM:
strateji  finetune  local  pooled  recal  source
n                                               
0              NaN    NaN     NaN    NaN    0.48
25            0.18   0.16    0.58  -9.87     NaN
50            0.08   0.12    0.48  -1.81     NaN
100           0.02   0.21    0.46   2.10     NaN
200           0.02   0.22    0.47   1.02     NaN
500           0.02   0.29    0.50   1.22     NaN
1000          0.03   0.35    0.51   1.12     NaN

kayit: outputs/curve2/Klebsiella_pneumoniae__Ceftriaxone__DRIAMS-D.csv
