nohup: ignoring input
kaynak: n=4,961 direnc=0.219
  DRIAMS-A dahili net fayda @0.10: 0.1394 (hepsi: 0.1321)

DRIAMS-B: n=213 direnc=0.211
  ham      net fayda @0.10: 0.1374
  kalibre  net fayda @0.10: 0.1440
  havuz    net fayda @0.10: 0.1426
  hepsi    net fayda @0.10: 0.1236

DRIAMS-C: n=916 direnc=0.165
  ham      net fayda @0.10: 0.0520
  kalibre  net fayda @0.10: 0.0711
  havuz    net fayda @0.10: 0.0563
  hepsi    net fayda @0.10: 0.0721

DRIAMS-D: n=1,994 direnc=0.099
  ham      net fayda @0.10: 0.0330
  kalibre  net fayda @0.10: 0.0361
  havuz    net fayda @0.10: 0.0358
  hepsi    net fayda @0.10: -0.0008

=== AMPIRIK TEDAVI SIMULASYONU ===
                       uygunsuz  gereksiz_genis  uygunsuz_referans  bagil_azalma  agirlikli_maliyet  referans_maliyet
site     kol     esik                                                                                                
DRIAMS-B ham     0.05    0.0380          0.2451             0.2113        0.8200             0.0748            0.2113
                 0.10    0.0606          0.1197             0.2113        0.7133             0.0785            0.2113
                 0.20    0.1099          0.0408             0.2113        0.4800             0.1160            0.2113
         havuz   0.05    0.0366          0.1803             0.2113        0.8267             0.0637            0.2113
                 0.10    0.0592          0.0859             0.2113        0.7200             0.0720            0.2113
                 0.20    0.0873          0.0380             0.2113        0.5867             0.0930            0.2113
         kalibre 0.05    0.0099          0.5620             0.2113        0.9533             0.0942            0.2113
                 0.10    0.0239          0.3901             0.2113        0.8867             0.0825            0.2113
                 0.20    0.0493          0.1958             0.2113        0.7667             0.0787            0.2113
DRIAMS-C ham     0.05    0.0737          0.2309             0.1650        0.5540             0.1083            0.1650
                 0.10    0.0986          0.1300             0.1650        0.4031             0.1181            0.1650
                 0.20    0.1110          0.0642             0.1650        0.3276             0.1206            0.1650
         havuz   0.05    0.0733          0.2135             0.1650        0.5558             0.1054            0.1650
                 0.10    0.0956          0.1179             0.1650        0.4209             0.1133            0.1650
                 0.20    0.1153          0.0612             0.1650        0.3017             0.1244            0.1650
         kalibre 0.05    0.0092          0.7453             0.1650        0.9445             0.1210            0.1650
                 0.10    0.0383          0.5007             0.1650        0.7684             0.1134            0.1650
                 0.20    0.0930          0.1585             0.1650        0.4369             0.1168            0.1650
DRIAMS-D ham     0.05    0.0508          0.1164             0.0992        0.4879             0.0683            0.0992
                 0.10    0.0617          0.0415             0.0992        0.3788             0.0679            0.0992
                 0.20    0.0707          0.0102             0.0992        0.2879             0.0722            0.0992
         havuz   0.05    0.0513          0.0588             0.0992        0.4833             0.0601            0.0992
                 0.10    0.0609          0.0230             0.0992        0.3864             0.0644            0.0992
                 0.20    0.0689          0.0074             0.0992        0.3061             0.0700            0.0992
         kalibre 0.05    0.0153          0.5257             0.0992        0.8455             0.0942            0.0992
                 0.10    0.0352          0.2513             0.0992        0.6455             0.0729            0.0992
                 0.20    0.0576          0.0716             0.0992        0.4197             0.0683            0.0992

kayit: outputs/dca
