nohup: ignoring input
D icin 24 tur (dislanan: Klebsiella pneumoniae, Staphylococcus aureus)
Staphylococcus aureus/Oxacillin: kaynak n=3,790 | hedef DRIAMS-C n=738
  teshis[train_species] Escherichia coli: 1,413 spektrum
  teshis[heldout_species] Klebsiella pneumoniae: 1,318 spektrum
  teshis[task_species] Staphylococcus aureus: 1,553 spektrum

--- Protokol A_transductive (D merkezleri: 4) ---
  D: (2800, 6000) | ilk 5 varyans payi: 0.234, 0.142, 0.076, 0.058, 0.039 | kumulatif@50: 0.971
  k=  0 rho=0.00: dis_PR=0.157 ic_PR=0.801 site_heldout_species=0.995
  k=  1 rho=0.25: dis_PR=0.153 ic_PR=0.806 site_heldout_species=0.996
  k=  1 rho=0.50: dis_PR=0.218 ic_PR=0.807 site_heldout_species=0.995
  k=  1 rho=0.75: dis_PR=0.175 ic_PR=0.812 site_heldout_species=0.994
  k=  1 rho=1.00: dis_PR=0.191 ic_PR=0.809 site_heldout_species=0.994
  k=  2 rho=0.25: dis_PR=0.141 ic_PR=0.805 site_heldout_species=0.995
  k=  2 rho=0.50: dis_PR=0.150 ic_PR=0.807 site_heldout_species=0.994
  k=  2 rho=0.75: dis_PR=0.184 ic_PR=0.811 site_heldout_species=0.993
  k=  2 rho=1.00: dis_PR=0.157 ic_PR=0.811 site_heldout_species=0.993
  k=  3 rho=0.25: dis_PR=0.179 ic_PR=0.804 site_heldout_species=0.995
  k=  3 rho=0.50: dis_PR=0.169 ic_PR=0.808 site_heldout_species=0.994
  k=  3 rho=0.75: dis_PR=0.170 ic_PR=0.804 site_heldout_species=0.993
  k=  3 rho=1.00: dis_PR=0.196 ic_PR=0.801 site_heldout_species=0.993
  k=  5 rho=0.25: dis_PR=0.154 ic_PR=0.808 site_heldout_species=0.995
  k=  5 rho=0.50: dis_PR=0.173 ic_PR=0.807 site_heldout_species=0.994
  k=  5 rho=0.75: dis_PR=0.164 ic_PR=0.805 site_heldout_species=0.993
  k=  5 rho=1.00: dis_PR=0.202 ic_PR=0.805 site_heldout_species=0.992
  k= 10 rho=0.25: dis_PR=0.196 ic_PR=0.807 site_heldout_species=0.994
  k= 10 rho=0.50: dis_PR=0.178 ic_PR=0.802 site_heldout_species=0.993
  k= 10 rho=0.75: dis_PR=0.207 ic_PR=0.803 site_heldout_species=0.992
  k= 10 rho=1.00: dis_PR=0.207 ic_PR=0.806 site_heldout_species=0.992
  k= 20 rho=0.25: dis_PR=0.213 ic_PR=0.804 site_heldout_species=0.994
  k= 20 rho=0.50: dis_PR=0.231 ic_PR=0.809 site_heldout_species=0.993
  k= 20 rho=0.75: dis_PR=0.210 ic_PR=0.807 site_heldout_species=0.991
  k= 20 rho=1.00: dis_PR=0.244 ic_PR=0.806 site_heldout_species=0.992
  k= 30 rho=0.25: dis_PR=0.176 ic_PR=0.804 site_heldout_species=0.994
  k= 30 rho=0.50: dis_PR=0.233 ic_PR=0.807 site_heldout_species=0.993
  k= 30 rho=0.75: dis_PR=0.261 ic_PR=0.806 site_heldout_species=0.991
  k= 30 rho=1.00: dis_PR=0.206 ic_PR=0.807 site_heldout_species=0.99
  k= 50 rho=0.25: dis_PR=0.205 ic_PR=0.803 site_heldout_species=0.995
  k= 50 rho=0.50: dis_PR=0.211 ic_PR=0.803 site_heldout_species=0.994
  k= 50 rho=0.75: dis_PR=0.195 ic_PR=0.804 site_heldout_species=0.992
  k= 50 rho=1.00: dis_PR=0.203 ic_PR=0.798 site_heldout_species=0.991
  k=100 rho=0.25: dis_PR=0.220 ic_PR=0.806 site_heldout_species=0.995
  k=100 rho=0.50: dis_PR=0.193 ic_PR=0.802 site_heldout_species=0.994
  k=100 rho=0.75: dis_PR=0.207 ic_PR=0.805 site_heldout_species=0.99
  k=100 rho=1.00: dis_PR=0.241 ic_PR=0.796 site_heldout_species=0.986

--- Protokol B_unseen_site (D merkezleri: 3) ---
  D: (2080, 6000) | ilk 5 varyans payi: 0.247, 0.160, 0.087, 0.065, 0.042 | kumulatif@50: 0.982
  k=  0 rho=0.00: dis_PR=0.157 ic_PR=0.801 site_heldout_species=0.995
  k=  1 rho=0.25: dis_PR=0.171 ic_PR=0.807 site_heldout_species=0.995
  k=  1 rho=0.50: dis_PR=0.168 ic_PR=0.807 site_heldout_species=0.995
  k=  1 rho=0.75: dis_PR=0.164 ic_PR=0.808 site_heldout_species=0.994
  k=  1 rho=1.00: dis_PR=0.190 ic_PR=0.812 site_heldout_species=0.994
  k=  2 rho=0.25: dis_PR=0.174 ic_PR=0.806 site_heldout_species=0.995
  k=  2 rho=0.50: dis_PR=0.202 ic_PR=0.797 site_heldout_species=0.994
  k=  2 rho=0.75: dis_PR=0.183 ic_PR=0.811 site_heldout_species=0.993
  k=  2 rho=1.00: dis_PR=0.163 ic_PR=0.808 site_heldout_species=0.993
  k=  3 rho=0.25: dis_PR=0.150 ic_PR=0.807 site_heldout_species=0.995
  k=  3 rho=0.50: dis_PR=0.172 ic_PR=0.801 site_heldout_species=0.994
  k=  3 rho=0.75: dis_PR=0.171 ic_PR=0.804 site_heldout_species=0.993
  k=  3 rho=1.00: dis_PR=0.195 ic_PR=0.810 site_heldout_species=0.993
  k=  5 rho=0.25: dis_PR=0.180 ic_PR=0.807 site_heldout_species=0.995
  k=  5 rho=0.50: dis_PR=0.171 ic_PR=0.806 site_heldout_species=0.994
  k=  5 rho=0.75: dis_PR=0.190 ic_PR=0.808 site_heldout_species=0.991
  k=  5 rho=1.00: dis_PR=0.204 ic_PR=0.807 site_heldout_species=0.992
  k= 10 rho=0.25: dis_PR=0.149 ic_PR=0.806 site_heldout_species=0.995
  k= 10 rho=0.50: dis_PR=0.182 ic_PR=0.803 site_heldout_species=0.994
  k= 10 rho=0.75: dis_PR=0.153 ic_PR=0.805 site_heldout_species=0.992
  k= 10 rho=1.00: dis_PR=0.167 ic_PR=0.805 site_heldout_species=0.991
  k= 20 rho=0.25: dis_PR=0.151 ic_PR=0.807 site_heldout_species=0.994
  k= 20 rho=0.50: dis_PR=0.239 ic_PR=0.799 site_heldout_species=0.994
  k= 20 rho=0.75: dis_PR=0.214 ic_PR=0.804 site_heldout_species=0.992
  k= 20 rho=1.00: dis_PR=0.227 ic_PR=0.804 site_heldout_species=0.991
  k= 30 rho=0.25: dis_PR=0.167 ic_PR=0.804 site_heldout_species=0.994
  k= 30 rho=0.50: dis_PR=0.166 ic_PR=0.801 site_heldout_species=0.993
  k= 30 rho=0.75: dis_PR=0.172 ic_PR=0.807 site_heldout_species=0.992
  k= 30 rho=1.00: dis_PR=0.181 ic_PR=0.802 site_heldout_species=0.99
  k= 50 rho=0.25: dis_PR=0.157 ic_PR=0.805 site_heldout_species=0.995
  k= 50 rho=0.50: dis_PR=0.192 ic_PR=0.803 site_heldout_species=0.995
  k= 50 rho=0.75: dis_PR=0.159 ic_PR=0.800 site_heldout_species=0.992
  k= 50 rho=1.00: dis_PR=0.175 ic_PR=0.800 site_heldout_species=0.99
  k=100 rho=0.25: dis_PR=0.171 ic_PR=0.803 site_heldout_species=0.995
  k=100 rho=0.50: dis_PR=0.134 ic_PR=0.809 site_heldout_species=0.994
  k=100 rho=0.75: dis_PR=0.148 ic_PR=0.803 site_heldout_species=0.993
  k=100 rho=1.00: dis_PR=0.204 ic_PR=0.798 site_heldout_species=0.991

=== BOOTSTRAP SPECIES-CONDITIONED EPO ===
      protokol   k  rho  ic_auroc  ic_prauc  dis_auroc  dis_prauc  dis_egim  site_train_species  site_heldout_species  site_task_species
A_transductive   0 0.00     0.893     0.801      0.703      0.157      0.35               0.994                 0.995              0.997
A_transductive   1 0.25     0.897     0.806      0.663      0.153      0.28               0.993                 0.996              0.996
A_transductive   1 0.50     0.898     0.807      0.685      0.218      0.35               0.993                 0.995              0.996
A_transductive   1 0.75     0.899     0.812      0.698      0.175      0.36               0.993                 0.994              0.997
A_transductive   1 1.00     0.899     0.809      0.677      0.191      0.33               0.993                 0.994              0.996
A_transductive   2 0.25     0.895     0.805      0.644      0.141      0.28               0.993                 0.995              0.997
A_transductive   2 0.50     0.896     0.807      0.663      0.150      0.30               0.994                 0.994              0.996
A_transductive   2 0.75     0.899     0.811      0.669      0.184      0.33               0.993                 0.993              0.996
A_transductive   2 1.00     0.898     0.811      0.657      0.157      0.31               0.993                 0.993              0.996
A_transductive   3 0.25     0.894     0.804      0.667      0.179      0.32               0.993                 0.995              0.996
A_transductive   3 0.50     0.894     0.808      0.669      0.169      0.31               0.993                 0.994              0.996
A_transductive   3 0.75     0.892     0.804      0.669      0.170      0.33               0.991                 0.993              0.996
A_transductive   3 1.00     0.894     0.801      0.725      0.196      0.40               0.991                 0.993              0.996
A_transductive   5 0.25     0.895     0.808      0.648      0.154      0.27               0.993                 0.995              0.996
A_transductive   5 0.50     0.893     0.807      0.677      0.173      0.33               0.993                 0.994              0.996
A_transductive   5 0.75     0.895     0.805      0.680      0.164      0.32               0.992                 0.993              0.996
A_transductive   5 1.00     0.894     0.805      0.701      0.202      0.36               0.991                 0.992              0.995
A_transductive  10 0.25     0.896     0.807      0.672      0.196      0.34               0.993                 0.994              0.996
A_transductive  10 0.50     0.893     0.802      0.691      0.178      0.36               0.992                 0.993              0.996
A_transductive  10 0.75     0.892     0.803      0.715      0.207      0.39               0.991                 0.992              0.995
A_transductive  10 1.00     0.894     0.806      0.685      0.207      0.36               0.990                 0.992              0.995
A_transductive  20 0.25     0.895     0.804      0.680      0.213      0.34               0.993                 0.994              0.996
A_transductive  20 0.50     0.896     0.809      0.703      0.231      0.38               0.991                 0.993              0.995
A_transductive  20 0.75     0.896     0.807      0.689      0.210      0.36               0.989                 0.991              0.995
A_transductive  20 1.00     0.893     0.806      0.707      0.244      0.41               0.989                 0.992              0.995
A_transductive  30 0.25     0.893     0.804      0.697      0.176      0.36               0.992                 0.994              0.996
A_transductive  30 0.50     0.893     0.807      0.714      0.233      0.41               0.992                 0.993              0.995
A_transductive  30 0.75     0.894     0.806      0.720      0.261      0.44               0.989                 0.991              0.995
A_transductive  30 1.00     0.894     0.807      0.690      0.206      0.37               0.985                 0.990              0.994
A_transductive  50 0.25     0.894     0.803      0.690      0.205      0.35               0.994                 0.995              0.996
A_transductive  50 0.50     0.892     0.803      0.673      0.211      0.32               0.991                 0.994              0.995
A_transductive  50 0.75     0.896     0.804      0.710      0.195      0.39               0.987                 0.992              0.994
A_transductive  50 1.00     0.893     0.798      0.687      0.203      0.35               0.976                 0.991              0.992
A_transductive 100 0.25     0.896     0.806      0.694      0.220      0.36               0.993                 0.995              0.996
A_transductive 100 0.50     0.893     0.802      0.711      0.193      0.38               0.990                 0.994              0.995
A_transductive 100 0.75     0.897     0.805      0.706      0.207      0.37               0.983                 0.990              0.993
A_transductive 100 1.00     0.896     0.796      0.683      0.241      0.35               0.957                 0.986              0.992
 B_unseen_site   0 0.00     0.893     0.801      0.703      0.157      0.35               0.994                 0.995              0.997
 B_unseen_site   1 0.25     0.897     0.807      0.673      0.171      0.31               0.993                 0.995              0.997
 B_unseen_site   1 0.50     0.896     0.807      0.684      0.168      0.34               0.993                 0.995              0.996
 B_unseen_site   1 0.75     0.896     0.808      0.681      0.164      0.31               0.993                 0.994              0.997
 B_unseen_site   1 1.00     0.900     0.812      0.705      0.190      0.35               0.993                 0.994              0.997
 B_unseen_site   2 0.25     0.893     0.806      0.676      0.174      0.32               0.993                 0.995              0.996
 B_unseen_site   2 0.50     0.889     0.797      0.670      0.202      0.33               0.993                 0.994              0.997
 B_unseen_site   2 0.75     0.898     0.811      0.696      0.183      0.35               0.993                 0.993              0.996
 B_unseen_site   2 1.00     0.896     0.808      0.665      0.163      0.31               0.993                 0.993              0.996
 B_unseen_site   3 0.25     0.894     0.807      0.668      0.150      0.30               0.993                 0.995              0.996
 B_unseen_site   3 0.50     0.894     0.801      0.676      0.172      0.33               0.993                 0.994              0.996
 B_unseen_site   3 0.75     0.892     0.804      0.688      0.171      0.33               0.992                 0.993              0.996
 B_unseen_site   3 1.00     0.895     0.810      0.678      0.195      0.33               0.991                 0.993              0.995
 B_unseen_site   5 0.25     0.892     0.807      0.689      0.180      0.35               0.993                 0.995              0.996
 B_unseen_site   5 0.50     0.893     0.806      0.664      0.171      0.30               0.992                 0.994              0.996
 B_unseen_site   5 0.75     0.895     0.808      0.672      0.190      0.33               0.991                 0.991              0.995
 B_unseen_site   5 1.00     0.893     0.807      0.696      0.204      0.36               0.990                 0.992              0.996
 B_unseen_site  10 0.25     0.894     0.806      0.636      0.149      0.26               0.993                 0.995              0.996
 B_unseen_site  10 0.50     0.893     0.803      0.694      0.182      0.36               0.993                 0.994              0.996
 B_unseen_site  10 0.75     0.896     0.805      0.687      0.153      0.33               0.992                 0.992              0.996
 B_unseen_site  10 1.00     0.898     0.805      0.695      0.167      0.32               0.991                 0.991              0.995
 B_unseen_site  20 0.25     0.895     0.807      0.662      0.151      0.29               0.993                 0.994              0.996
 B_unseen_site  20 0.50     0.891     0.799      0.671      0.239      0.33               0.993                 0.994              0.995
 B_unseen_site  20 0.75     0.896     0.804      0.684      0.214      0.34               0.992                 0.992              0.996
 B_unseen_site  20 1.00     0.892     0.804      0.691      0.227      0.37               0.991                 0.991              0.996
 B_unseen_site  30 0.25     0.892     0.804      0.677      0.167      0.32               0.994                 0.994              0.996
 B_unseen_site  30 0.50     0.892     0.801      0.648      0.166      0.27               0.994                 0.993              0.995
 B_unseen_site  30 0.75     0.898     0.807      0.691      0.172      0.34               0.992                 0.992              0.995
 B_unseen_site  30 1.00     0.894     0.802      0.720      0.181      0.40               0.989                 0.990              0.995
 B_unseen_site  50 0.25     0.897     0.805      0.668      0.157      0.30               0.994                 0.995              0.996
 B_unseen_site  50 0.50     0.893     0.803      0.664      0.192      0.30               0.994                 0.995              0.995
 B_unseen_site  50 0.75     0.896     0.800      0.682      0.159      0.31               0.990                 0.992              0.994
 B_unseen_site  50 1.00     0.900     0.800      0.701      0.175      0.37               0.984                 0.990              0.994
 B_unseen_site 100 0.25     0.896     0.803      0.673      0.171      0.31               0.994                 0.995              0.996
 B_unseen_site 100 0.50     0.897     0.809      0.670      0.134      0.25               0.993                 0.994              0.995
 B_unseen_site 100 0.75     0.894     0.803      0.663      0.148      0.28               0.989                 0.993              0.994
 B_unseen_site 100 1.00     0.897     0.798      0.680      0.204      0.35               0.973                 0.991              0.994

=== TABAN CIZGISINI DOMINE EDEN AYARLAR ===
A_transductive: taban site=0.995 dis_PR=0.157 | Pareto'da 28 ayar
  k  rho  site_heldout_species  dis_prauc  ic_prauc
  1 0.75                 0.994      0.175     0.812
  1 1.00                 0.994      0.191     0.809
  2 0.75                 0.993      0.184     0.811
  2 1.00                 0.993      0.157     0.811
  3 0.50                 0.994      0.169     0.808
  3 0.75                 0.993      0.170     0.804
  3 1.00                 0.993      0.196     0.801
  5 0.50                 0.994      0.173     0.807
  5 0.75                 0.993      0.164     0.805
  5 1.00                 0.992      0.202     0.805
 10 0.25                 0.994      0.196     0.807
 10 0.50                 0.993      0.178     0.802
 10 0.75                 0.992      0.207     0.803
 10 1.00                 0.992      0.207     0.806
 20 0.25                 0.994      0.213     0.804
 20 0.50                 0.993      0.231     0.809
 20 0.75                 0.991      0.210     0.807
 20 1.00                 0.992      0.244     0.806
 30 0.25                 0.994      0.176     0.804
 30 0.50                 0.993      0.233     0.807
 30 0.75                 0.991      0.261     0.806
 30 1.00                 0.990      0.206     0.807
 50 0.50                 0.994      0.211     0.803
 50 0.75                 0.992      0.195     0.804
 50 1.00                 0.991      0.203     0.798
100 0.50                 0.994      0.193     0.802
100 0.75                 0.990      0.207     0.805
100 1.00                 0.986      0.241     0.796
B_unseen_site: taban site=0.995 dis_PR=0.157 | Pareto'da 23 ayar
  k  rho  site_heldout_species  dis_prauc  ic_prauc
  1 0.75                 0.994      0.164     0.808
  1 1.00                 0.994      0.190     0.812
  2 0.50                 0.994      0.202     0.797
  2 0.75                 0.993      0.183     0.811
  2 1.00                 0.993      0.163     0.808
  3 0.50                 0.994      0.172     0.801
  3 0.75                 0.993      0.171     0.804
  3 1.00                 0.993      0.195     0.810
  5 0.50                 0.994      0.171     0.806
  5 0.75                 0.991      0.190     0.808
  5 1.00                 0.992      0.204     0.807
 10 0.50                 0.994      0.182     0.803
 10 1.00                 0.991      0.167     0.805
 20 0.50                 0.994      0.239     0.799
 20 0.75                 0.992      0.214     0.804
 20 1.00                 0.991      0.227     0.804
 30 0.25                 0.994      0.167     0.804
 30 0.50                 0.993      0.166     0.801
 30 0.75                 0.992      0.172     0.807
 30 1.00                 0.990      0.181     0.802
 50 0.75                 0.992      0.159     0.800
 50 1.00                 0.990      0.175     0.800
100 1.00                 0.991      0.204     0.798

kayit: outputs/epo_v3/Staphylococcus_aureus__Oxacillin__DRIAMS-C.csv
