nohup: ignoring input
cihaz: cuda
kaynak: n=4,961 direnc=0.219
hedef DRIAMS-D: n=1,994 direnc=0.099
  tekrar 1/3 bitti
  tekrar 2/3 bitti
  tekrar 3/3 bitti

=== CNN OGRENME EGRISI ===

PRAUC:
kol   full   head  local  pooled  recal  source
n                                              
0      NaN    NaN    NaN     NaN    NaN   0.174
100  0.139  0.165  0.141   0.162  0.174     NaN
500  0.179  0.149  0.208   0.250  0.174     NaN

AUROC:
kol   full   head  local  pooled  recal  source
n                                              
0      NaN    NaN    NaN     NaN    NaN   0.618
100  0.578  0.605  0.563    0.59  0.619     NaN
500  0.610  0.585  0.601    0.63  0.619     NaN

kayit: outputs/nncurve/Escherichia_coli__Ceftriaxone__DRIAMS-D_raw.csv
